; This input map is for: Joystick (Controller (Xbox 360 Wireless Receiver for Windows))
; * Axes: 5
; * Sliders: 0
; * POV/HATs: 1
; * Buttons: 10
; * Vector3: 0
; created by tdev, September 2012

; AIRPLANE
AIRPLANE_ELEVATOR_DOWN         JoystickAxis         0 0 UPPER 
AIRPLANE_ELEVATOR_UP           JoystickAxis         0 0 LOWER 
AIRPLANE_PARKING_BRAKE         JoystickButton       0 6 
AIRPLANE_REVERSE               JoystickButton       0 0 
AIRPLANE_RUDDER_LEFT           JoystickAxis         0 4 UPPER 
AIRPLANE_RUDDER_RIGHT          JoystickAxis         0 4 LOWER 
AIRPLANE_STEER_LEFT            JoystickAxis         0 1 LOWER+DEADZONE=0.15 
AIRPLANE_STEER_RIGHT           JoystickAxis         0 1 UPPER+DEADZONE=0.15 
AIRPLANE_THROTTLE_AXIS         None                 
AIRPLANE_THROTTLE_DOWN         JoystickButton       0 2 
AIRPLANE_THROTTLE_UP           JoystickButton       0 1 
AIRPLANE_TOGGLE_ENGINES        JoystickButton       0 7 

; BOAT
BOAT_STEER_LEFT_AXIS           JoystickAxis         0 1 LOWER 
BOAT_STEER_RIGHT_AXIS          JoystickAxis         0 1 UPPER 
BOAT_THROTTLE_AXIS             None                 
BOAT_THROTTLE_DOWN             JoystickButton       0 1 
BOAT_THROTTLE_UP               JoystickButton       0 0 

; CAMERA
CAMERA_CHANGE                  JoystickButton       0 5 
CAMERA_ROTATE_DOWN             JoystickAxis         0 2 UPPER 
CAMERA_ROTATE_LEFT             JoystickAxis         0 3 LOWER 
CAMERA_ROTATE_RIGHT            JoystickAxis         0 3 UPPER 
CAMERA_ROTATE_UP               JoystickAxis         0 2 LOWER 

; CHARACTER
CHARACTER_BACKWARDS            JoystickAxis         0 0 UPPER 
CHARACTER_FORWARD              JoystickAxis         0 0 LOWER 
CHARACTER_JUMP                 JoystickButton       0 0 
CHARACTER_LEFT                 JoystickAxis         0 1 LOWER 
CHARACTER_RIGHT                JoystickAxis         0 1 UPPER 
CHARACTER_RUN                  JoystickButton       0 2 

; COMMON
COMMON_ENTER_OR_EXIT_TRUCK     JoystickButton       0 3 
COMMON_TOGGLE_TRUCK_BEACONS    JoystickPov          0 0 South
COMMON_TOGGLE_TRUCK_LIGHTS     JoystickPov          0 0 North

; TRUCK
TRUCK_ACCELERATE               JoystickAxis         0 4 LOWER 
TRUCK_BLINK_LEFT               JoystickPov          0 0 West
TRUCK_BLINK_RIGHT              JoystickPov          0 0 East
TRUCK_BRAKE                    JoystickAxis         0 4 UPPER 
TRUCK_HORN                     JoystickButton       0 8 
TRUCK_PARKING_BRAKE            JoystickButton       0 6 
TRUCK_SHIFT_DOWN               JoystickButton       0 2 
TRUCK_SHIFT_NEUTRAL            JoystickButton       0 4 
TRUCK_SHIFT_UP                 JoystickButton       0 1 
TRUCK_STARTER                  JoystickButton       0 7 
TRUCK_STEER_LEFT               JoystickAxis         0 1 LOWER 
TRUCK_STEER_RIGHT              JoystickAxis         0 1 UPPER 
TRUCK_TOGGLE_CONTACT           JoystickButton       0 0 
