; Rigs of Rods keyboard input configuration file
; DO NOT ADD OTHER DEVICE INPUTS IN THIS FILE! Create a separate `.map` file instead.
; See https://docs.rigsofrods.org/gameplay/controls-config/#exporting-the-keymap for more info.
; -------------------------------

; AIRPLANE
AIRPLANE_AIRBRAKES_FULL        Keyboard             CTRL+4 
AIRPLANE_AIRBRAKES_LESS        Keyboard             EXPL+3 
AIRPLANE_AIRBRAKES_MORE        Keyboard             EXPL+4 
AIRPLANE_AIRBRAKES_NONE        Keyboard             CTRL+3 
AIRPLANE_BRAKE                 Keyboard             B 
AIRPLANE_ELEVATOR_DOWN         Keyboard             DOWN 
AIRPLANE_ELEVATOR_UP           Keyboard             UP 
AIRPLANE_FLAPS_FULL            Keyboard             CTRL+2 
AIRPLANE_FLAPS_LESS            Keyboard             EXPL+1 
AIRPLANE_FLAPS_MORE            Keyboard             EXPL+2 
AIRPLANE_FLAPS_NONE            Keyboard             CTRL+1 
AIRPLANE_PARKING_BRAKE         Keyboard             P 
AIRPLANE_REVERSE               Keyboard             R 
AIRPLANE_RUDDER_LEFT           Keyboard             Z 
AIRPLANE_RUDDER_RIGHT          Keyboard             X 
AIRPLANE_STEER_LEFT            Keyboard             LEFT 
AIRPLANE_STEER_RIGHT           Keyboard             RIGHT 
AIRPLANE_THROTTLE_AXIS         None                 
AIRPLANE_THROTTLE_DOWN         Keyboard             EXPL+PGDOWN 
AIRPLANE_THROTTLE_FULL         Keyboard             CTRL+PGUP 
AIRPLANE_THROTTLE_NO           Keyboard             CTRL+PGDOWN 
AIRPLANE_THROTTLE_UP           Keyboard             EXPL+PGUP 
AIRPLANE_TOGGLE_ENGINES        Keyboard             CTRL+HOME 

; BOAT
BOAT_CENTER_RUDDER             Keyboard             PGUP 
BOAT_REVERSE                   Keyboard             PGDOWN 
BOAT_STEER_LEFT                Keyboard             LEFT 
BOAT_STEER_RIGHT               Keyboard             RIGHT 
BOAT_THROTTLE_AXIS             None                 
BOAT_THROTTLE_UP               Keyboard             UP 
BOAT_THROTTLE_DOWN             Keyboard             DOWN

; CAMERA
CAMERA_CHANGE                  Keyboard             EXPL+C 
CAMERA_FREE_MODE               Keyboard             EXPL+SHIFT+C 
CAMERA_FREE_MODE_FIX           Keyboard             EXPL+ALT+C 
CAMERA_LOOKBACK                Keyboard             NUMPAD1 
CAMERA_RESET                   Keyboard             NUMPAD5 
CAMERA_UP                      Keyboard             PGUP 
CAMERA_DOWN                    Keyboard             PGDOWN 
CAMERA_ROTATE_DOWN             Keyboard             NUMPAD2 
CAMERA_ROTATE_LEFT             Keyboard             NUMPAD4 
CAMERA_ROTATE_RIGHT            Keyboard             NUMPAD6 
CAMERA_ROTATE_UP               Keyboard             NUMPAD8 
CAMERA_ZOOM_IN                 Keyboard             EXPL+NUMPAD9 
CAMERA_ZOOM_IN_FAST            Keyboard             SHIFT+NUMPAD9 
CAMERA_ZOOM_OUT                Keyboard             EXPL+NUMPAD3 
CAMERA_ZOOM_OUT_FAST           Keyboard             SHIFT+NUMPAD3

; SKY
SKY_DECREASE_TIME              Keyboard             EXPL+SUBTRACT 
SKY_DECREASE_TIME_FAST         Keyboard             SHIFT+SUBTRACT 
SKY_INCREASE_TIME              Keyboard             EXPL+ADD 
SKY_INCREASE_TIME_FAST         Keyboard             SHIFT+ADD 

; CHARACTER
CHARACTER_BACKWARDS            Keyboard             S 
CHARACTER_FORWARD              Keyboard             W 
CHARACTER_JUMP                 Keyboard             SPACE 
CHARACTER_LEFT                 Keyboard             LEFT 
CHARACTER_RIGHT                Keyboard             RIGHT 
CHARACTER_ROT_DOWN             Keyboard             DOWN 
CHARACTER_ROT_UP               Keyboard             UP 
CHARACTER_RUN                  Keyboard             SHIFT+W 
CHARACTER_RUN                  Keyboard             SHIFT+UP 
CHARACTER_SIDESTEP_LEFT        Keyboard             A 
CHARACTER_SIDESTEP_RIGHT       Keyboard             D 

; COMMANDS
COMMANDS_01                    Keyboard             EXPL+F1 
COMMANDS_02                    Keyboard             EXPL+F2 
COMMANDS_03                    Keyboard             EXPL+F3 
COMMANDS_04                    Keyboard             EXPL+F4 
COMMANDS_05                    Keyboard             EXPL+F5 
COMMANDS_06                    Keyboard             EXPL+F6 
COMMANDS_07                    Keyboard             EXPL+F7 
COMMANDS_08                    Keyboard             EXPL+F8 
COMMANDS_09                    Keyboard             EXPL+F9 
COMMANDS_10                    Keyboard             EXPL+F10 
COMMANDS_11                    Keyboard             EXPL+F11 
COMMANDS_12                    Keyboard             EXPL+F12 
COMMANDS_13                    Keyboard             EXPL+CTRL+F1 
COMMANDS_14                    Keyboard             EXPL+CTRL+F2 
COMMANDS_15                    Keyboard             EXPL+CTRL+F3 
COMMANDS_16                    Keyboard             EXPL+CTRL+F4 
COMMANDS_17                    Keyboard             EXPL+CTRL+F5 
COMMANDS_18                    Keyboard             EXPL+CTRL+F6 
COMMANDS_19                    Keyboard             EXPL+CTRL+F7 
COMMANDS_20                    Keyboard             EXPL+CTRL+F8 
COMMANDS_21                    Keyboard             EXPL+CTRL+F9 
COMMANDS_22                    Keyboard             EXPL+CTRL+F10 
COMMANDS_23                    Keyboard             EXPL+CTRL+F11 
COMMANDS_24                    Keyboard             EXPL+CTRL+F12 
COMMANDS_25                    Keyboard             EXPL+SHIFT+F1 
COMMANDS_26                    Keyboard             EXPL+SHIFT+F2 
COMMANDS_27                    Keyboard             EXPL+SHIFT+F3 
COMMANDS_28                    Keyboard             EXPL+SHIFT+F4 
COMMANDS_29                    Keyboard             EXPL+SHIFT+F5 
COMMANDS_30                    Keyboard             EXPL+SHIFT+F6 
COMMANDS_31                    Keyboard             EXPL+SHIFT+F7 
COMMANDS_32                    Keyboard             EXPL+SHIFT+F8 
COMMANDS_33                    Keyboard             EXPL+SHIFT+F9 
COMMANDS_34                    Keyboard             EXPL+SHIFT+F10 
COMMANDS_35                    Keyboard             EXPL+SHIFT+F11 
COMMANDS_36                    Keyboard             EXPL+SHIFT+F12 
COMMANDS_37                    Keyboard             EXPL+ALT+F1 
COMMANDS_38                    Keyboard             EXPL+ALT+F2 
COMMANDS_39                    Keyboard             EXPL+ALT+F3 
COMMANDS_40                    Keyboard             EXPL+ALT+F4 
COMMANDS_41                    Keyboard             EXPL+ALT+F5 
COMMANDS_42                    Keyboard             EXPL+ALT+F6 
COMMANDS_43                    Keyboard             EXPL+ALT+F7 
COMMANDS_44                    Keyboard             EXPL+ALT+F8 
COMMANDS_45                    Keyboard             EXPL+ALT+F9 
COMMANDS_46                    Keyboard             EXPL+ALT+F10 
COMMANDS_47                    Keyboard             EXPL+ALT+F11 
COMMANDS_48                    Keyboard             EXPL+ALT+F12 
COMMANDS_49                    Keyboard             EXPL+CTRL+SHIFT+F1 
COMMANDS_50                    Keyboard             EXPL+CTRL+SHIFT+F2 
COMMANDS_51                    Keyboard             EXPL+CTRL+SHIFT+F3 
COMMANDS_52                    Keyboard             EXPL+CTRL+SHIFT+F4 
COMMANDS_53                    Keyboard             EXPL+CTRL+SHIFT+F5 
COMMANDS_54                    Keyboard             EXPL+CTRL+SHIFT+F6 
COMMANDS_55                    Keyboard             EXPL+CTRL+SHIFT+F7 
COMMANDS_56                    Keyboard             EXPL+CTRL+SHIFT+F8 
COMMANDS_57                    Keyboard             EXPL+CTRL+SHIFT+F9 
COMMANDS_58                    Keyboard             EXPL+CTRL+SHIFT+F10 
COMMANDS_59                    Keyboard             EXPL+CTRL+SHIFT+F11 
COMMANDS_60                    Keyboard             EXPL+CTRL+SHIFT+F12 
COMMANDS_61                    Keyboard             EXPL+CTRL+ALT+F1 
COMMANDS_62                    Keyboard             EXPL+CTRL+ALT+F2 
COMMANDS_63                    Keyboard             EXPL+CTRL+ALT+F3 
COMMANDS_64                    Keyboard             EXPL+CTRL+ALT+F4 
COMMANDS_65                    Keyboard             EXPL+CTRL+ALT+F5 
COMMANDS_66                    Keyboard             EXPL+CTRL+ALT+F6 
COMMANDS_67                    Keyboard             EXPL+CTRL+ALT+F7 
COMMANDS_68                    Keyboard             EXPL+CTRL+ALT+F8 
COMMANDS_69                    Keyboard             EXPL+CTRL+ALT+F9 
COMMANDS_70                    Keyboard             EXPL+CTRL+ALT+F10 
COMMANDS_71                    Keyboard             EXPL+CTRL+ALT+F11 
COMMANDS_72                    Keyboard             EXPL+CTRL+ALT+F12 
COMMANDS_73                    Keyboard             EXPL+CTRL+SHIFT+ALT+F1 
COMMANDS_74                    Keyboard             EXPL+CTRL+SHIFT+ALT+F2 
COMMANDS_75                    Keyboard             EXPL+CTRL+SHIFT+ALT+F3 
COMMANDS_76                    Keyboard             EXPL+CTRL+SHIFT+ALT+F4 
COMMANDS_77                    Keyboard             EXPL+CTRL+SHIFT+ALT+F5 
COMMANDS_78                    Keyboard             EXPL+CTRL+SHIFT+ALT+F6 
COMMANDS_79                    Keyboard             EXPL+CTRL+SHIFT+ALT+F7 
COMMANDS_80                    Keyboard             EXPL+CTRL+SHIFT+ALT+F8 
COMMANDS_81                    Keyboard             EXPL+CTRL+SHIFT+ALT+F9 
COMMANDS_82                    Keyboard             EXPL+CTRL+SHIFT+ALT+F10 
COMMANDS_83                    Keyboard             EXPL+CTRL+SHIFT+ALT+F11 
COMMANDS_84                    Keyboard             EXPL+CTRL+SHIFT+ALT+F12 

; COMMON
COMMON_ACCELERATE_SIMULATION   Keyboard             CTRL+EQUALS 
COMMON_DECELERATE_SIMULATION   Keyboard             SHIFT+EQUALS 
COMMON_RESET_SIMULATION_PACE   Keyboard             BACKSLASH 
COMMON_CONSOLE_TOGGLE          Keyboard             EXPL+GRAVE
COMMON_ENTER_OR_EXIT_TRUCK     Keyboard             RETURN 
COMMON_ENTER_NEXT_TRUCK        Keyboard             EXPL+CTRL+RBRACKET 
COMMON_ENTER_PREVIOUS_TRUCK    Keyboard             EXPL+CTRL+LBRACKET 
COMMON_REMOVE_CURRENT_TRUCK    Keyboard             EXPL+CTRL+DELETE 
COMMON_RESPAWN_LAST_TRUCK      Keyboard             EXPL+CTRL+PERIOD 
COMMON_FULLSCREEN_TOGGLE       Keyboard             EXPL+ALT+RETURN 
COMMON_HIDE_GUI                Keyboard             EXPL+U 
COMMON_TOGGLE_DASHBOARD        Keyboard             EXPL+CTRL+U 
COMMON_LOCK                    Keyboard             EXPL+L 
COMMON_AUTOLOCK                Keyboard             EXPL+ALT+L 
COMMON_ROPELOCK                Keyboard             EXPL+CTRL+L 
COMMON_OUTPUT_POSITION         Keyboard             H 
COMMON_GET_NEW_VEHICLE         Keyboard             EXPL+CTRL+G 
COMMON_PRESSURE_LESS           Keyboard             LBRACKET 
COMMON_PRESSURE_MORE           Keyboard             RBRACKET 
COMMON_QUICKLOAD               Keyboard             MULTIPLY 
COMMON_QUICKSAVE               Keyboard             DIVIDE 
COMMON_QUIT_GAME               Keyboard             ESCAPE 
COMMON_REPLAY_BACKWARD         Keyboard             EXPL+LEFT 
COMMON_REPLAY_FAST_BACKWARD    Keyboard             EXPL+SHIFT+LEFT 
COMMON_REPLAY_FAST_FORWARD     Keyboard             EXPL+SHIFT+RIGHT 
COMMON_REPLAY_FORWARD          Keyboard             EXPL+RIGHT 
COMMON_RESCUE_TRUCK            Keyboard             EXPL+R 
COMMON_RESET_TRUCK             Keyboard             EXPL+I 
COMMON_TOGGLE_RESET_MODE       Keyboard             EXPL+APOSTROPHE 
COMMON_SCREENSHOT              Keyboard             SYSRQ 
COMMON_SECURE_LOAD             Keyboard             O 
COMMON_TOGGLE_DEBUG_VIEW       Keyboard             EXPL+K 
COMMON_CYCLE_DEBUG_VIEWS       Keyboard             EXPL+CTRL+K 
COMMON_TOGGLE_TERRAIN_EDITOR   Keyboard             EXPL+CTRL+Y 
COMMON_TOGGLE_CUSTOM_PARTICLES Keyboard             G 
COMMON_TOGGLE_MAT_DEBUG        Keyboard             EXPL+CTRL+SHIFT+ALT+F 
COMMON_TOGGLE_RENDER_MODE      None
COMMON_TOGGLE_REPLAY_MODE      Keyboard             CTRL+J 
COMMON_TOGGLE_PHYSICS          Keyboard             EXPL+J 
COMMON_TOGGLE_STATS            Keyboard             EXPL+F 
COMMON_TOGGLE_TRUCK_BEACONS    Keyboard             M 
COMMON_CYCLE_TRUCK_LIGHTS     Keyboard             N 
COMMON_TRUCK_INFO              Keyboard             EXPL+T 
COMMON_TRUCK_DESCRIPTION       Keyboard             EXPL+CTRL+T 
COMMON_FOV_LESS                Keyboard             EXPL+NUMPAD7 
COMMON_FOV_MORE                Keyboard             EXPL+CTRL+NUMPAD7
COMMON_FOV_RESET               Keyboard             EXPL+SHIFT+NUMPAD7

; GRASS
GRASS_LESS                     Keyboard             6 
GRASS_MORE                     Keyboard             7 
GRASS_MOST                     Keyboard             8 
GRASS_NONE                     Keyboard             5 
GRASS_SAVE                     Keyboard             9 

; MAP
SURVEY_MAP_CYCLE               Keyboard             EXPL+TAB 
SURVEY_MAP_TOGGLE              Keyboard             EXPL+CTRL+SHIFT+TAB 
SURVEY_MAP_ZOOM_IN             Keyboard             EXPL+CTRL+TAB 
SURVEY_MAP_ZOOM_OUT            Keyboard             EXPL+SHIFT+TAB 

; MENU
MENU_DOWN                      Keyboard             DOWN 
MENU_LEFT                      Keyboard             LEFT 
MENU_RIGHT                     Keyboard             RIGHT 
MENU_SELECT                    Keyboard             EXPL+RETURN 
MENU_UP                        Keyboard             UP 

; TRUCK
TRUCK_ACCELERATE               Keyboard             UP 
TRUCK_ACCELERATE_MODIFIER_25   Keyboard             ALT+UP 
TRUCK_ACCELERATE_MODIFIER_50   Keyboard             CTRL+UP 
TRUCK_ANTILOCK_BRAKE           Keyboard             EXPL+SHIFT+B 
TRUCK_AUTOSHIFT_DOWN           Keyboard             PGDOWN 
TRUCK_AUTOSHIFT_UP             Keyboard             PGUP 
TRUCK_BLINK_LEFT               Keyboard             EXPL+COMMA 
TRUCK_BLINK_RIGHT              Keyboard             EXPL+PERIOD 
TRUCK_BLINK_WARN               Keyboard             EXPL+MINUS 
TRUCK_BRAKE                    Keyboard             DOWN 
TRUCK_BRAKE_MODIFIER_25        Keyboard             ALT+DOWN 
TRUCK_BRAKE_MODIFIER_50        Keyboard             CTRL+DOWN 
TRUCK_CRUISE_CONTROL           Keyboard             EXPL+SPACE 
TRUCK_CRUISE_CONTROL_READJUST  Keyboard             EXPL+CTRL+SPACE 
TRUCK_CRUISE_CONTROL_ACCL      Keyboard             EXPL+CTRL+R 
TRUCK_CRUISE_CONTROL_DECL      Keyboard             EXPL+CTRL+F 
TRUCK_HORN                     Keyboard             H 
TRUCK_LIGHTTOGGLE1             Keyboard             EXPL+CTRL+1 
TRUCK_LIGHTTOGGLE2             Keyboard             EXPL+CTRL+2 
TRUCK_LIGHTTOGGLE3             Keyboard             EXPL+CTRL+3 
TRUCK_LIGHTTOGGLE4             Keyboard             EXPL+CTRL+4 
TRUCK_LIGHTTOGGLE5             Keyboard             EXPL+CTRL+5 
TRUCK_LIGHTTOGGLE6             Keyboard             EXPL+CTRL+6 
TRUCK_LIGHTTOGGLE7             Keyboard             EXPL+CTRL+7 
TRUCK_LIGHTTOGGLE8             Keyboard             EXPL+CTRL+8 
TRUCK_LIGHTTOGGLE9             Keyboard             EXPL+CTRL+9 
TRUCK_LIGHTTOGGLE10            Keyboard             EXPL+CTRL+0 
TRUCK_MANUAL_CLUTCH            Keyboard             LSHIFT 
TRUCK_PARKING_BRAKE            Keyboard             P 
TRUCK_TRAILER_PARKING_BRAKE    Keyboard             EXPL+CTRL+P 
TRUCK_SHIFT_DOWN               Keyboard             Z 
TRUCK_SHIFT_NEUTRAL            Keyboard             D 
TRUCK_SHIFT_UP                 Keyboard             A 
TRUCK_STARTER                  Keyboard             S 
TRUCK_STEER_LEFT               Keyboard             LEFT 
TRUCK_STEER_RIGHT              Keyboard             RIGHT 
TRUCK_SWITCH_SHIFT_MODES       Keyboard             Q 
TRUCK_TOGGLE_CONTACT           Keyboard             X 
TRUCK_TOGGLE_FORWARDCOMMANDS   Keyboard             EXPL+CTRL+SHIFT+F 
TRUCK_TOGGLE_IMPORTCOMMANDS    Keyboard             EXPL+CTRL+SHIFT+I 
TRUCK_TOGGLE_INTER_AXLE_DIFF   Keyboard             EXPL+CTRL+W 
TRUCK_TOGGLE_INTER_WHEEL_DIFF  Keyboard             EXPL+W 
TRUCK_TOGGLE_PHYSICS           Keyboard             END 
TRUCK_TOGGLE_TCASE_4WD_MODE    Keyboard             EXPL+SHIFT+W 
TRUCK_TOGGLE_TCASE_GEAR_RATIO  Keyboard             EXPL+ALT+W 
TRUCK_TOGGLE_VIDEOCAMERA       Keyboard             EXPL+CTRL+V 
TRUCK_TRACTION_CONTROL         Keyboard             EXPL+SHIFT+V 
