; This input map is for: Logitech G27 Racing Wheel USB
; Axes: 3
; Sliders: 2
; POV/HATs: 1
; Buttons: 23
; Vector3: 0
; Vector3Sensitivity: 2.28
; created by Brickman, September 2012

; BOAT
BOAT_STEER_LEFT_AXIS           JoystickAxis         0 0 LOWER 
BOAT_STEER_RIGHT_AXIS          JoystickAxis         0 0 UPPER                 
BOAT_THROTTLE_AXIS             JoystickAxis         0 2  
BOAT_THROTTLE_DOWN             JoystickButton       0 21 
BOAT_THROTTLE_UP               JoystickButton       0 6 

; CHARACTER
CHARACTER_BACKWARDS            JoystickPov          0 0 South
CHARACTER_FORWARD              JoystickPov          0 0 North
CHARACTER_JUMP                 JoystickButton       0 17 
CHARACTER_LEFT                 JoystickPov          0 0 West
CHARACTER_RIGHT                JoystickPov          0 0 East
CHARACTER_RUN                  JoystickButton       0 16 

; COMMON
COMMON_ENTER_OR_EXIT_TRUCK     JoystickButton       0 15 
COMMON_LOCK                    JoystickButton       0 1 
COMMON_CYCLE_TRUCK_LIGHTS     JoystickButton       0 18 


; TRUCK
TRUCK_ACCELERATE               JoystickAxis         0 2 REVERSE+DEADZONE=0.05 
TRUCK_BLINK_LEFT               JoystickButton       0 7 
TRUCK_BLINK_RIGHT              JoystickButton       0 6 
TRUCK_BRAKE                    JoystickAxis         0 1 REVERSE+DEADZONE=0.05 
TRUCK_HORN                     JoystickButton       0 20 
TRUCK_HORN                     JoystickButton       0 19 
TRUCK_MANUAL_CLUTCH            JoystickSliderY      0 Y 0 REVERSE+DEADZONE=-30 
TRUCK_PARKING_BRAKE            JoystickButton       0 0 
TRUCK_SHIFT_DOWN               JoystickButton       0 5 
TRUCK_SHIFT_NEUTRAL            JoystickPov          0 0 West
TRUCK_SHIFT_UP                 JoystickButton       0 4 
TRUCK_SHIFT_GEAR_REVERSE       JoystickButton       0 14 
TRUCK_SHIFT_GEAR1              JoystickButton       0 8 
TRUCK_SHIFT_GEAR2              JoystickButton       0 9 
TRUCK_SHIFT_GEAR3              JoystickButton       0 10 
TRUCK_SHIFT_GEAR4              JoystickButton       0 11 
TRUCK_SHIFT_GEAR5              JoystickButton       0 12 
TRUCK_SHIFT_GEAR6              JoystickButton       0 13 
TRUCK_SHIFT_LOWRANGE           JoystickPov          0 0 South
TRUCK_SHIFT_MIDRANGE           JoystickPov          0 0 East
TRUCK_SHIFT_HIGHRANGE          JoystickPov          0 0 North
TRUCK_STARTER                  JoystickButton       0 21 
TRUCK_STEER_LEFT               JoystickAxis         0 0 LOWER+DEADZONE=0.00+LINEARITY=0.70 
TRUCK_STEER_RIGHT              JoystickAxis         0 0 UPPER+DEADZONE=0.00+LINEARITY=0.70 
TRUCK_SWITCH_SHIFT_MODES       JoystickButton       0 3 
TRUCK_TOGGLE_CONTACT           JoystickButton       0 22 
TRUCK_TOGGLE_INTER_WHEEL_DIFF         JoystickButton       0 2 