; This input map is for: Thrustmaster RGT Force Feedback Pro Steeringwheel
; * Axes: 3
; * Sliders: 2
; * POV/HATs: 1
; * Buttons: 10
; * Vector3: 0
; created by creak, September 2012

; BOAT
BOAT_STEER_LEFT_AXIS           JoystickAxis         0 0 LOWER 
BOAT_STEER_RIGHT_AXIS          JoystickAxis         0 0 UPPER                
BOAT_THROTTLE_DOWN             JoystickButton       0 1
BOAT_THROTTLE_UP               JoystickButton       0 0

; CAMERA
CAMERA_ROTATE_DOWN             JoystickPov          0 0 South
CAMERA_ROTATE_LEFT             JoystickPov          0 0 West
CAMERA_ROTATE_RIGHT            JoystickPov          0 0 East
CAMERA_ROTATE_UP               JoystickPov          0 0 North
CAMERA_ROTATE_DOWN             Keyboard             NUMPAD2 
CAMERA_ROTATE_LEFT             Keyboard             NUMPAD4 
CAMERA_ROTATE_RIGHT            Keyboard             NUMPAD6 
CAMERA_ROTATE_UP               Keyboard             NUMPAD8 

;TRUCK
TRUCK_ACCELERATE               JoystickAxis         0 2 REVERSE
TRUCK_BRAKE                    JoystickAxis         0 1 REVERSE
TRUCK_MANUAL_CLUTCH            JoystickSliderX      0 X 0 REVERSE+LINEARITY=0.1
TRUCK_STEER_LEFT               JoystickAxis         0 0 LOWER+DEADZONE=0.03+LINEARITY=0.50
TRUCK_STEER_RIGHT              JoystickAxis         0 0 UPPER+DEADZONE=0.03+LINEARITY=0.50
TRUCK_SHIFT_DOWN               JoystickButton       0 0
TRUCK_SHIFT_UP                 JoystickButton       0 1
TRUCK_TOGGLE_CONTACT           JoystickButton       0 2
TRUCK_BLINK_LEFT               JoystickButton       0 3
TRUCK_BLINK_RIGHT              JoystickButton       0 4
TRUCK_TOGGLE_AXLE_LOCK         JoystickButton       0 5
TRUCK_SHIFT_NEUTRAL            JoystickButton       0 6
TRUCK_PARKING_BRAKE            JoystickButton       0 7

